/usr/bin/bash: line 1: /c/Users/aliem/Desktop/RTS_Assignment1/run_final.exe: No such file or directory
